2026-03-03 02:47:11,009 - dist_clip_coco.py - INFO: 
args: Namespace(config='configs/coco_attn_reg.yaml', crop_size=320, radius=8, seg_detach=False, work_dir=None)
2026-03-03 02:47:11,010 - dist_clip_coco.py - INFO: 
configs: {'dataset': {'root_dir': '/home/share/priv/wangmengxiang/code/data/MSCOCO', 'name_list_dir': '/home/share/priv/wangmengxiang/code/WeCLIP_plus/datasets/coco', 'num_classes': 81, 'crop_size': 320, 'resize_range': [512, 2048], 'rescale_range': [0.5, 2.0], 'ignore_index': 255}, 'work_dir': {'dir': 'work_dir_coco', 'ckpt_dir': 'work_dir_coco/checkpoints/2026-03-03-02-47', 'pred_dir': 'work_dir_coco/predictions', 'segs_dir': 'segs', 'tb_logger_dir': 'work_dir_coco/tb_logger/2026-03-03-02-47'}, 'train': {'split': 'train', 'samples_per_gpu': 8, 'max_iters': 80000, 'cam_iters': 5000, 'eval_iters': 10000, 'log_iters': 200}, 'val': {'split': 'val'}, 'optimizer': {'type': 'AdamW', 'learning_rate': 2e-05, 'betas': [0.9, 0.999], 'weight_decay': 0.01}, 'scheduler': {'warmup_iter': 50, 'warmup_ratio': 1e-06, 'power': 1.0}, 'clip_init': {'clip_pretrain_path': '/home/share/priv/wangmengxiang/code/WeCLIP_plus/pretrained/ViT-B-16.pt', 'embedding_dim': 256, 'in_channels': [768, 768, 768, 768], 'clip_flag': 16, 'resize_long': 512}, 'dino_init': {'dino_model': 'dinov2_vits14', 'dino_fts_fuse_dim': 384, 'decoder_layer': 3}}
2026-03-03 02:47:13,928 - vision_transformer.py - INFO: using MLP layer as FFN
2026-03-03 02:47:16,482 - dist_clip_coco.py - INFO: 
Network config: 
WeCLIP_Plus(
  (encoder): CLIP(
    (visual): VisionTransformer(
      (conv1): Conv2d(3, 768, kernel_size=(16, 16), stride=(16, 16), bias=False)
      (ln_pre): LayerNorm((768,), eps=1e-05, elementwise_affine=True)
      (transformer): Transformer(
        (resblocks): Sequential(
          (0): ResidualAttentionBlock(
            (attn): MultiheadAttention(
              (out_proj): NonDynamicallyQuantizableLinear(in_features=768, out_features=768, bias=True)
            )
            (ln_1): LayerNorm((768,), eps=1e-05, elementwise_affine=True)
            (mlp): Sequential(
              (c_fc): Linear(in_features=768, out_features=3072, bias=True)
              (gelu): QuickGELU()
              (c_proj): Linear(in_features=3072, out_features=768, bias=True)
            )
            (ln_2): LayerNorm((768,), eps=1e-05, elementwise_affine=True)
          )
          (1): ResidualAttentionBlock(
            (attn): MultiheadAttention(
              (out_proj): NonDynamicallyQuantizableLinear(in_features=768, out_features=768, bias=True)
            )
            (ln_1): LayerNorm((768,), eps=1e-05, elementwise_affine=True)
            (mlp): Sequential(
              (c_fc): Linear(in_features=768, out_features=3072, bias=True)
              (gelu): QuickGELU()
              (c_proj): Linear(in_features=3072, out_features=768, bias=True)
            )
            (ln_2): LayerNorm((768,), eps=1e-05, elementwise_affine=True)
          )
          (2): ResidualAttentionBlock(
            (attn): MultiheadAttention(
              (out_proj): NonDynamicallyQuantizableLinear(in_features=768, out_features=768, bias=True)
            )
            (ln_1): LayerNorm((768,), eps=1e-05, elementwise_affine=True)
            (mlp): Sequential(
              (c_fc): Linear(in_features=768, out_features=3072, bias=True)
              (gelu): QuickGELU()
              (c_proj): Linear(in_features=3072, out_features=768, bias=True)
            )
            (ln_2): LayerNorm((768,), eps=1e-05, elementwise_affine=True)
          )
          (3): ResidualAttentionBlock(
            (attn): MultiheadAttention(
              (out_proj): NonDynamicallyQuantizableLinear(in_features=768, out_features=768, bias=True)
            )
            (ln_1): LayerNorm((768,), eps=1e-05, elementwise_affine=True)
            (mlp): Sequential(
              (c_fc): Linear(in_features=768, out_features=3072, bias=True)
              (gelu): QuickGELU()
              (c_proj): Linear(in_features=3072, out_features=768, bias=True)
            )
            (ln_2): LayerNorm((768,), eps=1e-05, elementwise_affine=True)
          )
          (4): ResidualAttentionBlock(
            (attn): MultiheadAttention(
              (out_proj): NonDynamicallyQuantizableLinear(in_features=768, out_features=768, bias=True)
            )
            (ln_1): LayerNorm((768,), eps=1e-05, elementwise_affine=True)
            (mlp): Sequential(
              (c_fc): Linear(in_features=768, out_features=3072, bias=True)
              (gelu): QuickGELU()
              (c_proj): Linear(in_features=3072, out_features=768, bias=True)
            )
            (ln_2): LayerNorm((768,), eps=1e-05, elementwise_affine=True)
          )
          (5): ResidualAttentionBlock(
            (attn): MultiheadAttention(
              (out_proj): NonDynamicallyQuantizableLinear(in_features=768, out_features=768, bias=True)
            )
            (ln_1): LayerNorm((768,), eps=1e-05, elementwise_affine=True)
            (mlp): Sequential(
              (c_fc): Linear(in_features=768, out_features=3072, bias=True)
              (gelu): QuickGELU()
              (c_proj): Linear(in_features=3072, out_features=768, bias=True)
            )
            (ln_2): LayerNorm((768,), eps=1e-05, elementwise_affine=True)
          )
          (6): ResidualAttentionBlock(
            (attn): MultiheadAttention(
              (out_proj): NonDynamicallyQuantizableLinear(in_features=768, out_features=768, bias=True)
            )
            (ln_1): LayerNorm((768,), eps=1e-05, elementwise_affine=True)
            (mlp): Sequential(
              (c_fc): Linear(in_features=768, out_features=3072, bias=True)
              (gelu): QuickGELU()
              (c_proj): Linear(in_features=3072, out_features=768, bias=True)
            )
            (ln_2): LayerNorm((768,), eps=1e-05, elementwise_affine=True)
          )
          (7): ResidualAttentionBlock(
            (attn): MultiheadAttention(
              (out_proj): NonDynamicallyQuantizableLinear(in_features=768, out_features=768, bias=True)
            )
            (ln_1): LayerNorm((768,), eps=1e-05, elementwise_affine=True)
            (mlp): Sequential(
              (c_fc): Linear(in_features=768, out_features=3072, bias=True)
              (gelu): QuickGELU()
              (c_proj): Linear(in_features=3072, out_features=768, bias=True)
            )
            (ln_2): LayerNorm((768,), eps=1e-05, elementwise_affine=True)
          )
          (8): ResidualAttentionBlock(
            (attn): MultiheadAttention(
              (out_proj): NonDynamicallyQuantizableLinear(in_features=768, out_features=768, bias=True)
            )
            (ln_1): LayerNorm((768,), eps=1e-05, elementwise_affine=True)
            (mlp): Sequential(
              (c_fc): Linear(in_features=768, out_features=3072, bias=True)
              (gelu): QuickGELU()
              (c_proj): Linear(in_features=3072, out_features=768, bias=True)
            )
            (ln_2): LayerNorm((768,), eps=1e-05, elementwise_affine=True)
          )
          (9): ResidualAttentionBlock(
            (attn): MultiheadAttention(
              (out_proj): NonDynamicallyQuantizableLinear(in_features=768, out_features=768, bias=True)
            )
            (ln_1): LayerNorm((768,), eps=1e-05, elementwise_affine=True)
            (mlp): Sequential(
              (c_fc): Linear(in_features=768, out_features=3072, bias=True)
              (gelu): QuickGELU()
              (c_proj): Linear(in_features=3072, out_features=768, bias=True)
            )
            (ln_2): LayerNorm((768,), eps=1e-05, elementwise_affine=True)
          )
          (10): ResidualAttentionBlock(
            (attn): MultiheadAttention(
              (out_proj): NonDynamicallyQuantizableLinear(in_features=768, out_features=768, bias=True)
            )
            (ln_1): LayerNorm((768,), eps=1e-05, elementwise_affine=True)
            (mlp): Sequential(
              (c_fc): Linear(in_features=768, out_features=3072, bias=True)
              (gelu): QuickGELU()
              (c_proj): Linear(in_features=3072, out_features=768, bias=True)
            )
            (ln_2): LayerNorm((768,), eps=1e-05, elementwise_affine=True)
          )
          (11): ResidualAttentionBlock(
            (attn): MultiheadAttention(
              (out_proj): NonDynamicallyQuantizableLinear(in_features=768, out_features=768, bias=True)
            )
            (ln_1): LayerNorm((768,), eps=1e-05, elementwise_affine=True)
            (mlp): Sequential(
              (c_fc): Linear(in_features=768, out_features=3072, bias=True)
              (gelu): QuickGELU()
              (c_proj): Linear(in_features=3072, out_features=768, bias=True)
            )
            (ln_2): LayerNorm((768,), eps=1e-05, elementwise_affine=True)
          )
        )
      )
      (ln_post): LayerNorm((768,), eps=1e-05, elementwise_affine=True)
    )
    (transformer): Transformer(
      (resblocks): Sequential(
        (0): ResidualAttentionBlock(
          (attn): MultiheadAttention(
            (out_proj): NonDynamicallyQuantizableLinear(in_features=512, out_features=512, bias=True)
          )
          (ln_1): LayerNorm((512,), eps=1e-05, elementwise_affine=True)
          (mlp): Sequential(
            (c_fc): Linear(in_features=512, out_features=2048, bias=True)
            (gelu): QuickGELU()
            (c_proj): Linear(in_features=2048, out_features=512, bias=True)
          )
          (ln_2): LayerNorm((512,), eps=1e-05, elementwise_affine=True)
        )
        (1): ResidualAttentionBlock(
          (attn): MultiheadAttention(
            (out_proj): NonDynamicallyQuantizableLinear(in_features=512, out_features=512, bias=True)
          )
          (ln_1): LayerNorm((512,), eps=1e-05, elementwise_affine=True)
          (mlp): Sequential(
            (c_fc): Linear(in_features=512, out_features=2048, bias=True)
            (gelu): QuickGELU()
            (c_proj): Linear(in_features=2048, out_features=512, bias=True)
          )
          (ln_2): LayerNorm((512,), eps=1e-05, elementwise_affine=True)
        )
        (2): ResidualAttentionBlock(
          (attn): MultiheadAttention(
            (out_proj): NonDynamicallyQuantizableLinear(in_features=512, out_features=512, bias=True)
          )
          (ln_1): LayerNorm((512,), eps=1e-05, elementwise_affine=True)
          (mlp): Sequential(
            (c_fc): Linear(in_features=512, out_features=2048, bias=True)
            (gelu): QuickGELU()
            (c_proj): Linear(in_features=2048, out_features=512, bias=True)
          )
          (ln_2): LayerNorm((512,), eps=1e-05, elementwise_affine=True)
        )
        (3): ResidualAttentionBlock(
          (attn): MultiheadAttention(
            (out_proj): NonDynamicallyQuantizableLinear(in_features=512, out_features=512, bias=True)
          )
          (ln_1): LayerNorm((512,), eps=1e-05, elementwise_affine=True)
          (mlp): Sequential(
            (c_fc): Linear(in_features=512, out_features=2048, bias=True)
            (gelu): QuickGELU()
            (c_proj): Linear(in_features=2048, out_features=512, bias=True)
          )
          (ln_2): LayerNorm((512,), eps=1e-05, elementwise_affine=True)
        )
        (4): ResidualAttentionBlock(
          (attn): MultiheadAttention(
            (out_proj): NonDynamicallyQuantizableLinear(in_features=512, out_features=512, bias=True)
          )
          (ln_1): LayerNorm((512,), eps=1e-05, elementwise_affine=True)
          (mlp): Sequential(
            (c_fc): Linear(in_features=512, out_features=2048, bias=True)
            (gelu): QuickGELU()
            (c_proj): Linear(in_features=2048, out_features=512, bias=True)
          )
          (ln_2): LayerNorm((512,), eps=1e-05, elementwise_affine=True)
        )
        (5): ResidualAttentionBlock(
          (attn): MultiheadAttention(
            (out_proj): NonDynamicallyQuantizableLinear(in_features=512, out_features=512, bias=True)
          )
          (ln_1): LayerNorm((512,), eps=1e-05, elementwise_affine=True)
          (mlp): Sequential(
            (c_fc): Linear(in_features=512, out_features=2048, bias=True)
            (gelu): QuickGELU()
            (c_proj): Linear(in_features=2048, out_features=512, bias=True)
          )
          (ln_2): LayerNorm((512,), eps=1e-05, elementwise_affine=True)
        )
        (6): ResidualAttentionBlock(
          (attn): MultiheadAttention(
            (out_proj): NonDynamicallyQuantizableLinear(in_features=512, out_features=512, bias=True)
          )
          (ln_1): LayerNorm((512,), eps=1e-05, elementwise_affine=True)
          (mlp): Sequential(
            (c_fc): Linear(in_features=512, out_features=2048, bias=True)
            (gelu): QuickGELU()
            (c_proj): Linear(in_features=2048, out_features=512, bias=True)
          )
          (ln_2): LayerNorm((512,), eps=1e-05, elementwise_affine=True)
        )
        (7): ResidualAttentionBlock(
          (attn): MultiheadAttention(
            (out_proj): NonDynamicallyQuantizableLinear(in_features=512, out_features=512, bias=True)
          )
          (ln_1): LayerNorm((512,), eps=1e-05, elementwise_affine=True)
          (mlp): Sequential(
            (c_fc): Linear(in_features=512, out_features=2048, bias=True)
            (gelu): QuickGELU()
            (c_proj): Linear(in_features=2048, out_features=512, bias=True)
          )
          (ln_2): LayerNorm((512,), eps=1e-05, elementwise_affine=True)
        )
        (8): ResidualAttentionBlock(
          (attn): MultiheadAttention(
            (out_proj): NonDynamicallyQuantizableLinear(in_features=512, out_features=512, bias=True)
          )
          (ln_1): LayerNorm((512,), eps=1e-05, elementwise_affine=True)
          (mlp): Sequential(
            (c_fc): Linear(in_features=512, out_features=2048, bias=True)
            (gelu): QuickGELU()
            (c_proj): Linear(in_features=2048, out_features=512, bias=True)
          )
          (ln_2): LayerNorm((512,), eps=1e-05, elementwise_affine=True)
        )
        (9): ResidualAttentionBlock(
          (attn): MultiheadAttention(
            (out_proj): NonDynamicallyQuantizableLinear(in_features=512, out_features=512, bias=True)
          )
          (ln_1): LayerNorm((512,), eps=1e-05, elementwise_affine=True)
          (mlp): Sequential(
            (c_fc): Linear(in_features=512, out_features=2048, bias=True)
            (gelu): QuickGELU()
            (c_proj): Linear(in_features=2048, out_features=512, bias=True)
          )
          (ln_2): LayerNorm((512,), eps=1e-05, elementwise_affine=True)
        )
        (10): ResidualAttentionBlock(
          (attn): MultiheadAttention(
            (out_proj): NonDynamicallyQuantizableLinear(in_features=512, out_features=512, bias=True)
          )
          (ln_1): LayerNorm((512,), eps=1e-05, elementwise_affine=True)
          (mlp): Sequential(
            (c_fc): Linear(in_features=512, out_features=2048, bias=True)
            (gelu): QuickGELU()
            (c_proj): Linear(in_features=2048, out_features=512, bias=True)
          )
          (ln_2): LayerNorm((512,), eps=1e-05, elementwise_affine=True)
        )
        (11): ResidualAttentionBlock(
          (attn): MultiheadAttention(
            (out_proj): NonDynamicallyQuantizableLinear(in_features=512, out_features=512, bias=True)
          )
          (ln_1): LayerNorm((512,), eps=1e-05, elementwise_affine=True)
          (mlp): Sequential(
            (c_fc): Linear(in_features=512, out_features=2048, bias=True)
            (gelu): QuickGELU()
            (c_proj): Linear(in_features=2048, out_features=512, bias=True)
          )
          (ln_2): LayerNorm((512,), eps=1e-05, elementwise_affine=True)
        )
      )
    )
    (token_embedding): Embedding(49408, 512)
    (ln_final): LayerNorm((512,), eps=1e-05, elementwise_affine=True)
  )
  (dino_encoder): DinoVisionTransformer(
    (patch_embed): PatchEmbed(
      (proj): Conv2d(3, 384, kernel_size=(14, 14), stride=(14, 14))
      (norm): Identity()
    )
    (blocks): ModuleList(
      (0-11): 12 x NestedTensorBlock(
        (norm1): LayerNorm((384,), eps=1e-06, elementwise_affine=True)
        (attn): MemEffAttention(
          (qkv): Linear(in_features=384, out_features=1152, bias=True)
          (proj): Linear(in_features=384, out_features=384, bias=True)
          (proj_drop): Dropout(p=0.0, inplace=False)
        )
        (ls1): LayerScale()
        (drop_path1): Identity()
        (norm2): LayerNorm((384,), eps=1e-06, elementwise_affine=True)
        (mlp): Mlp(
          (fc1): Linear(in_features=384, out_features=1536, bias=True)
          (act): GELU(approximate='none')
          (fc2): Linear(in_features=1536, out_features=384, bias=True)
          (drop): Dropout(p=0.0, inplace=False)
        )
        (ls2): LayerScale()
        (drop_path2): Identity()
      )
    )
    (norm): LayerNorm((384,), eps=1e-06, elementwise_affine=True)
    (head): Identity()
  )
  (decoder_fts_fuse): SegFormerHead(
    (linears_modulelist): ModuleList(
      (0): MLP(
        (proj): Linear(in_features=768, out_features=256, bias=True)
        (proj_2): Linear(in_features=256, out_features=256, bias=True)
      )
    )
    (linear_fuse): Conv2d(256, 256, kernel_size=(1, 1), stride=(1, 1))
    (dropout): Dropout2d(p=0.1, inplace=False)
  )
  (dino_decoder_fts_fuse): SegFormerHead(
    (linears_modulelist): ModuleList(
      (0): MLP(
        (proj): Linear(in_features=384, out_features=256, bias=True)
        (proj_2): Linear(in_features=256, out_features=256, bias=True)
      )
    )
    (linear_fuse): Conv2d(256, 256, kernel_size=(1, 1), stride=(1, 1))
    (dropout): Dropout2d(p=0.1, inplace=False)
  )
  (decoder): DecoderTransformer(
    (transformer): Transformer(
      (resblocks): Sequential(
        (0): ResidualAttentionBlock(
          (attn): MultiheadAttention(
            (out_proj): NonDynamicallyQuantizableLinear(in_features=256, out_features=256, bias=True)
          )
          (ln_1): LayerNorm((256,), eps=1e-05, elementwise_affine=True)
          (mlp): Sequential(
            (c_fc): Linear(in_features=256, out_features=1024, bias=True)
            (gelu): QuickGELU()
            (c_proj): Linear(in_features=1024, out_features=256, bias=True)
          )
          (ln_2): LayerNorm((256,), eps=1e-05, elementwise_affine=True)
        )
        (1): ResidualAttentionBlock(
          (attn): MultiheadAttention(
            (out_proj): NonDynamicallyQuantizableLinear(in_features=256, out_features=256, bias=True)
          )
          (ln_1): LayerNorm((256,), eps=1e-05, elementwise_affine=True)
          (mlp): Sequential(
            (c_fc): Linear(in_features=256, out_features=1024, bias=True)
            (gelu): QuickGELU()
            (c_proj): Linear(in_features=1024, out_features=256, bias=True)
          )
          (ln_2): LayerNorm((256,), eps=1e-05, elementwise_affine=True)
        )
        (2): ResidualAttentionBlock(
          (attn): MultiheadAttention(
            (out_proj): NonDynamicallyQuantizableLinear(in_features=256, out_features=256, bias=True)
          )
          (ln_1): LayerNorm((256,), eps=1e-05, elementwise_affine=True)
          (mlp): Sequential(
            (c_fc): Linear(in_features=256, out_features=1024, bias=True)
            (gelu): QuickGELU()
            (c_proj): Linear(in_features=1024, out_features=256, bias=True)
          )
          (ln_2): LayerNorm((256,), eps=1e-05, elementwise_affine=True)
        )
      )
    )
    (linear_pred): Conv2d(256, 81, kernel_size=(1, 1), stride=(1, 1))
  )
  (par): PAR()
)
2026-03-03 02:47:16,594 - dist_clip_coco.py - INFO: 
Optimizer: 
PolyWarmupAdamW (
Parameter Group 0
    amsgrad: False
    betas: [0.9, 0.999]
    capturable: False
    differentiable: False
    eps: 1e-08
    foreach: None
    fused: None
    lr: 2e-05
    maximize: False
    weight_decay: 0.01

Parameter Group 1
    amsgrad: False
    betas: [0.9, 0.999]
    capturable: False
    differentiable: False
    eps: 1e-08
    foreach: None
    fused: None
    lr: 0.0
    maximize: False
    weight_decay: 0.0

Parameter Group 2
    amsgrad: False
    betas: [0.9, 0.999]
    capturable: False
    differentiable: False
    eps: 1e-08
    foreach: None
    fused: None
    lr: 0.0002
    maximize: False
    weight_decay: 0.01

Parameter Group 3
    amsgrad: False
    betas: [0.9, 0.999]
    capturable: False
    differentiable: False
    eps: 1e-08
    foreach: None
    fused: None
    lr: 0.0002
    maximize: False
    weight_decay: 0.01
)
2026-03-03 02:52:15,047 - dist_clip_coco.py - INFO: Iter: 200; Elasped: 0:05:03; ETA: 1 day, 9:34:57; LR: 1.995e-05;, pseudo_seg_loss: 2.2996, attn_loss: 0.4881, pseudo_seg_mAcc: 0.5923
2026-03-03 02:57:06,726 - dist_clip_coco.py - INFO: Iter: 400; Elasped: 0:09:55; ETA: 1 day, 8:53:25; LR: 1.990e-05;, pseudo_seg_loss: 1.5774, attn_loss: 0.4249, pseudo_seg_mAcc: 0.6482
2026-03-03 03:01:56,367 - dist_clip_coco.py - INFO: Iter: 600; Elasped: 0:14:45; ETA: 1 day, 8:31:55; LR: 1.985e-05;, pseudo_seg_loss: 1.4623, attn_loss: 0.3936, pseudo_seg_mAcc: 0.8689
2026-03-03 03:06:55,169 - dist_clip_coco.py - INFO: Iter: 800; Elasped: 0:19:44; ETA: 1 day, 8:33:36; LR: 1.980e-05;, pseudo_seg_loss: 1.3178, attn_loss: 0.3798, pseudo_seg_mAcc: 0.8214
2026-03-03 03:11:51,631 - dist_clip_coco.py - INFO: Iter: 1000; Elasped: 0:24:40; ETA: 1 day, 8:28:40; LR: 1.975e-05;, pseudo_seg_loss: 1.3537, attn_loss: 0.3756, pseudo_seg_mAcc: 0.5158
2026-03-03 03:16:40,427 - dist_clip_coco.py - INFO: Iter: 1200; Elasped: 0:29:29; ETA: 1 day, 8:16:04; LR: 1.970e-05;, pseudo_seg_loss: 1.2918, attn_loss: 0.3694, pseudo_seg_mAcc: 0.7959
2026-03-03 03:21:34,049 - dist_clip_coco.py - INFO: Iter: 1400; Elasped: 0:34:22; ETA: 1 day, 8:09:26; LR: 1.965e-05;, pseudo_seg_loss: 1.2021, attn_loss: 0.3596, pseudo_seg_mAcc: 0.7878
2026-03-03 03:26:28,467 - dist_clip_coco.py - INFO: Iter: 1600; Elasped: 0:39:17; ETA: 1 day, 8:04:53; LR: 1.960e-05;, pseudo_seg_loss: 1.2262, attn_loss: 0.3601, pseudo_seg_mAcc: 0.5899
2026-03-03 03:31:28,427 - dist_clip_coco.py - INFO: Iter: 1800; Elasped: 0:44:17; ETA: 1 day, 8:03:51; LR: 1.955e-05;, pseudo_seg_loss: 1.1890, attn_loss: 0.3597, pseudo_seg_mAcc: 0.8309
2026-03-03 03:36:28,525 - dist_clip_coco.py - INFO: Iter: 2000; Elasped: 0:49:17; ETA: 1 day, 8:02:03; LR: 1.950e-05;, pseudo_seg_loss: 1.2402, attn_loss: 0.3619, pseudo_seg_mAcc: 0.7725
2026-03-03 03:41:22,960 - dist_clip_coco.py - INFO: Iter: 2200; Elasped: 0:54:11; ETA: 1 day, 7:56:07; LR: 1.945e-05;, pseudo_seg_loss: 1.2330, attn_loss: 0.3560, pseudo_seg_mAcc: 0.6633
2026-03-03 03:46:25,281 - dist_clip_coco.py - INFO: Iter: 2400; Elasped: 0:59:14; ETA: 1 day, 7:55:12; LR: 1.940e-05;, pseudo_seg_loss: 1.1737, attn_loss: 0.3554, pseudo_seg_mAcc: 0.7671
2026-03-03 03:51:17,421 - dist_clip_coco.py - INFO: Iter: 2600; Elasped: 1:04:06; ETA: 1 day, 7:48:12; LR: 1.935e-05;, pseudo_seg_loss: 1.2059, attn_loss: 0.3551, pseudo_seg_mAcc: 0.6818
2026-03-03 03:56:22,871 - dist_clip_coco.py - INFO: Iter: 2800; Elasped: 1:09:11; ETA: 1 day, 7:47:29; LR: 1.930e-05;, pseudo_seg_loss: 1.1207, attn_loss: 0.3399, pseudo_seg_mAcc: 0.5764
2026-03-03 04:01:21,479 - dist_clip_coco.py - INFO: Iter: 3000; Elasped: 1:14:10; ETA: 1 day, 7:43:36; LR: 1.925e-05;, pseudo_seg_loss: 1.2196, attn_loss: 0.3512, pseudo_seg_mAcc: 0.8571
2026-03-03 04:06:17,705 - dist_clip_coco.py - INFO: Iter: 3200; Elasped: 1:19:06; ETA: 1 day, 7:38:24; LR: 1.920e-05;, pseudo_seg_loss: 1.2009, attn_loss: 0.3497, pseudo_seg_mAcc: 0.7720
